// Jest Snapshot v1, https://goo.gl/fbAQLP

exports[`ForecastDetails renders correctly 1`] = `
<DocumentFragment>
  <div
    class="forecast-details"
  >
    <div>
      Thu Jan 01 1970
    </div>
    <div>
      <span
        class="forecast-details__bold"
      >
        Min temperature: 
      </span>
      12 °C
    </div>
    <div>
      <span
        class="forecast-details__bold"
      >
        Max temperature: 
      </span>
      22 °C
    </div>
    <div>
      <span
        class="forecast-details__bold"
      >
        Humidity:
      </span>
       15 %
    </div>
    <div>
      <span
        class="forecast-details__bold"
      >
        Wind speed:
      </span>
       10mph
    </div>
  </div>
</DocumentFragment>
`;
